Dropped 22/291 headline tasks lacking `estimation_instructions` (first 5: ['arvo:10252', 'arvo:11523', 'arvo:1236', 'arvo:13345', 'arvo:25332']). Recorded on dataset.dropped_task_ids_no_estimation_instructions.
compute_bins_right_closed: 1 value(s) at/below the bottom edge and 0 above the top edge; clipping into the outer bins.
1 inadmissible cells dropped: [('noisier_crc', 'GLM-5')]
joint_cand16 sealed repeat 1/3: grand Brier 0.1134 (230 cells, 0 failures)
Could not parse '50th percentile (median)'. The primary 'estimate' will be null.
Could not parse '50th percentile (median)'. The primary 'estimate' will be null.
joint_cand16 sealed repeat 2/3: grand Brier 0.1126 (230 cells, 0 failures)
joint_cand16 sealed repeat 3/3: grand Brier 0.1148 (230 cells, 0 failures)
Could not parse '50th percentile (median)'. The primary 'estimate' will be null.
joint_cand5 sealed repeat 1/3: grand Brier 0.1073 (230 cells, 0 failures)
Could not parse '50th percentile (median)'. The primary 'estimate' will be null.
joint_cand5 sealed repeat 2/3: grand Brier 0.1032 (230 cells, 0 failures)
Could not parse '50th percentile (median)'. The primary 'estimate' will be null.
joint_cand5 sealed repeat 3/3: grand Brier 0.1055 (230 cells, 0 failures)
july_cand12 sealed repeat 1/3: grand Brier 0.1033 (230 cells, 0 failures)
Could not parse '50th percentile (median)'. The primary 'estimate' will be null.
july_cand12 sealed repeat 2/3: grand Brier 0.1057 (230 cells, 0 failures)
july_cand12 sealed repeat 3/3: grand Brier 0.1051 (230 cells, 0 failures)
seed sealed repeat 1/3: grand Brier 0.1330 (230 cells, 0 failures)
seed sealed repeat 2/3: grand Brier 0.1287 (230 cells, 0 failures)
seed sealed repeat 3/3: grand Brier 0.1285 (230 cells, 0 failures)

prompt          set     repeats                         mean    sd
joint_cand16    sealed  0.1134 0.1126 0.1148            0.1136  0.0011
joint_cand5     sealed  0.1073 0.1032 0.1055            0.1053  0.0020
july_cand12     sealed  0.1033 0.1057 0.1051            0.1047  0.0012
seed            sealed  0.1330 0.1287 0.1285            0.1301  0.0025
